###############################################################################
#
# IAR ELF Linker V8.40.2.214/W32 for ARM                  03/Dec/2019  20:39:43
# Copyright 2007-2019 IAR Systems AB.
#
#    Output file  =
#        C:\Users\Giovanni\Documents\eclipse-workspace\S11_G01_2019.2_Giovanni\Projects\temporizador\ewarm\Exe\temporizador.out
#    Map file     =
#        C:\Users\Giovanni\Documents\eclipse-workspace\S11_G01_2019.2_Giovanni\Projects\temporizador\ewarm\List\temporizador.map
#    Command line =
#        -f C:\Users\Giovanni\AppData\Local\Temp\EWF20E.tmp
#        (C:\Users\Giovanni\Documents\eclipse-workspace\S11_G01_2019.2_Giovanni\Projects\temporizador\ewarm\Obj\driverleds.o
#        C:\Users\Giovanni\Documents\eclipse-workspace\S11_G01_2019.2_Giovanni\TivaWare_C_Series-2.1.4.178\driverlib\ewarm\Exe\driverlib.a
#        C:\Users\Giovanni\Documents\eclipse-workspace\S11_G01_2019.2_Giovanni\CMSIS-5.6.0\CMSIS\RTOS2\RTX\Library\IAR\IDE\CM4F\Exe\RTX_CM.a
#        C:\Users\Giovanni\Documents\eclipse-workspace\S11_G01_2019.2_Giovanni\Projects\temporizador\ewarm\Obj\RTX_Config.o
#        C:\Users\Giovanni\Documents\eclipse-workspace\S11_G01_2019.2_Giovanni\Projects\temporizador\ewarm\Obj\rtx_lib.o
#        C:\Users\Giovanni\Documents\eclipse-workspace\S11_G01_2019.2_Giovanni\Projects\temporizador\ewarm\Obj\startup_TM4C1294.o
#        C:\Users\Giovanni\Documents\eclipse-workspace\S11_G01_2019.2_Giovanni\Projects\temporizador\ewarm\Obj\system_TM4C1294_TW.o
#        C:\Users\Giovanni\Documents\eclipse-workspace\S11_G01_2019.2_Giovanni\Projects\temporizador\ewarm\Obj\temporizador.o
#        --no_out_extension -o
#        C:\Users\Giovanni\Documents\eclipse-workspace\S11_G01_2019.2_Giovanni\Projects\temporizador\ewarm\Exe\temporizador.out
#        --map
#        C:\Users\Giovanni\Documents\eclipse-workspace\S11_G01_2019.2_Giovanni\Projects\temporizador\ewarm\List\temporizador.map
#        --config "C:\Program Files (x86)\IAR Systems\Embedded Workbench
#        8.3\arm\config\linker\TexasInstruments\TM4C1294NC.icf" --semihosting
#        --entry __iar_program_start --vfe --text_out locale)
#
###############################################################################

*******************************************************************************
*** RUNTIME MODEL ATTRIBUTES
***

CppFlavor       = *
__SystemLibrary = DLib
__dlib_version  = 6


*******************************************************************************
*** HEAP SELECTION
***

The basic heap was selected because some modules are built with
size limitations (and not runtime checking), and --advanced_heap
was not specified.


*******************************************************************************
*** PLACEMENT SUMMARY
***

"A0":  place at address 0x0 { ro section .intvec };
"P1":  place in [from 0x0 to 0xf'ffff] { ro };
define block CSTACK with size = 32K, alignment = 8 { };
define block HEAP with size = 64K, alignment = 8 { };
"P2":  place in [from 0x2000'0000 to 0x2003'ffff] {
          rw, block CSTACK, block HEAP };
initialize by copy { rw };

  Section               Kind         Address    Size  Object
  -------               ----         -------    ----  ------
"A0":                                          0x3c0
  .intvec               ro code          0x0   0x3c0  startup_TM4C1294.o [1]
                                     - 0x3c0   0x3c0

"P1":                                         0x23b9
  .text                 ro code        0x3c0   0x768  rtx_thread.o [2]
  .text                 ro code        0xb28     0x2  rtx_evr.o [2]
  .text                 ro code        0xb2a     0x2  rtx_evr.o [2]
  .text                 ro code        0xb2c     0x2  rtx_evr.o [2]
  .text                 ro code        0xb2e     0x2  rtx_evr.o [2]
  .text                 ro code        0xb30     0x2  rtx_evr.o [2]
  .text                 ro code        0xb32     0x2  rtx_evr.o [2]
  .text                 ro code        0xb34     0x2  rtx_evr.o [2]
  .text                 ro code        0xb36     0x2  rtx_evr.o [2]
  .text                 ro code        0xb38     0x2  rtx_evr.o [2]
  .text                 ro code        0xb3a     0x2  rtx_evr.o [2]
  .text                 ro code        0xb3c     0x2  rtx_evr.o [2]
  .text                 ro code        0xb3e     0x2  rtx_evr.o [2]
  .text                 ro code        0xb40     0x2  rtx_evr.o [2]
  .text                 ro code        0xb42    0x3a  zero_init3.o [5]
  .text                 ro code        0xb7c    0xe6  rtx_mempool.o [2]
  .text                 ro code        0xc62     0x2  rtx_evr.o [2]
  .text                 ro code        0xc64    0x82  rtx_memory.o [2]
  .text                 ro code        0xce6     0x2  RTX_Config.o [1]
  .text                 ro code        0xce8     0x6  ABImemclr4.o [5]
  .text                 ro code        0xcee     0x2  rtx_evr.o [2]
  .text                 ro code        0xcf0    0x4a  rtx_memory.o [2]
  .text                 ro code        0xd3a     0x2  startup_TM4C1294.o [1]
  .text                 ro code        0xd3c    0x52  rtx_mutex.o [2]
  .text                 ro code        0xd8e     0x2  rtx_evr.o [2]
  .text                 ro code        0xd90     0x2  rtx_evr.o [2]
  .text                 ro code        0xd92     0x2  rtx_evr.o [2]
  .text                 ro code        0xd94     0x2  rtx_evr.o [2]
  .text                 ro code        0xd96     0x2  RTX_Config.o [1]
  .text                 ro code        0xd98     0x2  rtx_evr.o [2]
  .text                 ro code        0xd9a     0x2  rtx_evr.o [2]
  .text                 ro code        0xd9c     0x2  rtx_evr.o [2]
  .text                 ro code        0xd9e     0x2  rtx_evr.o [2]
  .text                 ro code        0xda0    0x32  ABImemset48.o [5]
  .text                 ro code        0xdd2     0x2  rtx_evr.o [2]
  .text                 ro code        0xdd4     0x2  rtx_evr.o [2]
  .text                 ro code        0xdd6     0x2  rtx_evr.o [2]
  .text                 ro code        0xdd8   0x61c  rtx_msgqueue.o [2]
  .text                 ro code       0x13f4    0xa6  ABImemcpy.o [5]
  .text                 ro code       0x149a     0x2  rtx_evr.o [2]
  .text                 ro code       0x149c     0x2  rtx_evr.o [2]
  .text                 ro code       0x149e     0x2  rtx_evr.o [2]
  .text                 ro code       0x14a0     0x6  ABImemclr.o [5]
  .text                 ro code       0x14a6     0x2  rtx_evr.o [2]
  .text                 ro code       0x14a8     0x2  rtx_evr.o [2]
  .text                 ro code       0x14aa     0x2  rtx_evr.o [2]
  .text                 ro code       0x14ac     0x2  rtx_evr.o [2]
  .text                 ro code       0x14ae     0x2  rtx_evr.o [2]
  .text                 ro code       0x14b0     0x2  rtx_evr.o [2]
  .text                 ro code       0x14b2     0x2  rtx_evr.o [2]
  .text                 ro code       0x14b4   0x174  rtx_system.o [2]
  .text                 ro code       0x1628     0x2  rtx_evr.o [2]
  .text                 ro code       0x162a     0x2  rtx_evr.o [2]
  .text                 ro code       0x162c    0x5e  ABImemset.o [5]
  .text                 ro code       0x168c     0xc  os_systick.o [2]
  .text                 ro code       0x1698   0x29c  sysctl.o [4]
  .text                 ro code       0x1934   0x294  rtx_kernel.o [2]
  .text                 ro code       0x1bc8     0x2  rtx_evr.o [2]
  .text                 ro code       0x1bca    0x44  rtx_memory.o [2]
  .text                 ro code       0x1c0e     0x2  rtx_evr.o [2]
  .text                 ro code       0x1c10     0x2  rtx_evr.o [2]
  .text                 ro code       0x1c14    0x40  os_systick.o [2]
  .text                 ro code       0x1c54     0x6  os_systick.o [2]
  .text                 ro code       0x1c5c    0x2c  os_systick.o [2]
  .text                 ro code       0x1c88     0x2  rtx_evr.o [2]
  .text                 ro code       0x1c8a     0x2  rtx_lib.o [1]
  .text                 ro code       0x1c8c     0x2  rtx_evr.o [2]
  .text                 ro code       0x1c8e     0x2  rtx_evr.o [2]
  .text                 ro code       0x1c90     0x2  rtx_evr.o [2]
  .text                 ro code       0x1c94   0x278  rtx_timer.o [2]
  .text                 ro code       0x1f0c     0x2  rtx_evr.o [2]
  .text                 ro code       0x1f0e     0x2  rtx_evr.o [2]
  .text                 ro code       0x1f10     0x2  rtx_evr.o [2]
  .text                 ro code       0x1f12     0x2  rtx_evr.o [2]
  .text                 ro code       0x1f14     0x2  rtx_evr.o [2]
  .text                 ro code       0x1f16     0x2  rtx_evr.o [2]
  .rodata               const         0x1f18   0x1b0  sysctl.o [4]
  .text                 ro code       0x20c8   0x14e  gpio.o [4]
  .text                 ro code       0x2218   0x134  driverleds.o [1]
  .text                 ro code       0x234c    0xc4  irq_cm4f.o [2]
  .text                 ro code       0x2410    0x74  temporizador.o [1]
  .text                 ro code       0x2484    0x64  rtx_delay.o [2]
  .text                 ro code       0x24e8    0x2c  system_TM4C1294_TW.o [1]
  .text                 ro code       0x2514     0x2  rtx_evr.o [2]
  .text                 ro code       0x2516     0x2  rtx_evr.o [2]
  .text                 ro code       0x2518     0x2  rtx_evr.o [2]
  .rodata               const         0x251c    0x6c  sysctl.o [4]
  .rodata               const         0x2588    0x68  rtx_lib.o [1]
  .text                 ro code       0x25f0    0x38  packbits_init_single.o [5]
  .rodata               const         0x2628    0x30  sysctl.o [4]
  .text                 ro code       0x2658    0x28  data_init.o [5]
  .rodata               const         0x2680    0x24  rtx_lib.o [1]
  .rodata               const         0x26a4    0x24  rtx_lib.o [1]
  .iar.init_table       const         0x26c8    0x20  - Linker created -
  .text                 ro code       0x26e8    0x1e  cmain.o [5]
  .text                 ro code       0x2706     0x4  low_level_init.o [3]
  .text                 ro code       0x270a     0x4  exit.o [3]
  .text                 ro code       0x2710     0xa  cexit.o [5]
  .text                 ro code       0x271c    0x14  exit.o [6]
  .rodata               const         0x2730    0x18  rtx_lib.o [1]
  .text                 ro code       0x2748    0x14  startup_TM4C1294.o [1]
  .text                 ro code       0x275c     0xc  cstartup_M.o [5]
  .rodata               const         0x2768     0x4  rtx_lib.o [1]
  .rodata               const         0x276c     0x0  zero_init3.o [5]
  .rodata               const         0x276c     0x0  packbits_init_single.o [5]
  Initializer bytes     const         0x276c     0xd  <for P2-1>
                                    - 0x2779  0x23b9

"P2", part 1 of 3:                              0xa4
  P2-1                           0x2000'0000    0xa4  <Init block>
    .data.os            inited   0x2000'0000    0xa4  rtx_kernel.o [2]
                               - 0x2000'00a4    0xa4

"P2", part 2 of 3:                            0x135c
  .bss.os               zero     0x2000'00a8  0x1000  rtx_lib.o [1]
  .bss.os.thread.stack  zero     0x2000'10a8   0x100  rtx_lib.o [1]
  .bss.os.thread.stack  zero     0x2000'11a8   0x100  rtx_lib.o [1]
  .bss.os.msgqueue.mem  zero     0x2000'12a8    0x50  rtx_lib.o [1]
  .bss.os.thread.cb     zero     0x2000'12f8    0x44  rtx_lib.o [1]
  .bss.os.thread.cb     zero     0x2000'133c    0x44  rtx_lib.o [1]
  .bss.os               zero     0x2000'1380    0x40  rtx_lib.o [1]
  .bss.os.msgqueue.cb   zero     0x2000'13c0    0x34  rtx_lib.o [1]
  .bss                  zero     0x2000'13f4     0x8  temporizador.o [1]
  .bss                  zero     0x2000'13fc     0x1  temporizador.o [1]
  .bss                  zero     0x2000'13fd     0x1  os_systick.o [2]
                               - 0x2000'13fe  0x135a

"P2", part 3 of 3:                            0x8008
  .noinit               uninit   0x2000'1400     0x4  system_TM4C1294_TW.o [1]
  CSTACK                         0x2000'1408  0x8000  <Block>
    CSTACK              uninit   0x2000'1408  0x8000  <Block tail>
                               - 0x2000'9408  0x8008

Unused ranges:

         From           To      Size
         ----           --      ----
       0x2779     0xf'ffff  0xf'd887
  0x2000'9408  0x2003'ffff  0x3'6bf8


*******************************************************************************
*** INIT TABLE
***

          Address      Size
          -------      ----
Zero (__iar_zero_init3)
    1 destination range, total size 0x1356:
          0x2000'00a8  0x1356

Copy/packbits (__iar_packbits_init_single3)
    1 source range, total size 0xd (7% of destination):
               0x276c     0xd
    1 destination range, total size 0xa4:
          0x2000'0000    0xa4



*******************************************************************************
*** MODULE SUMMARY
***

    Module                  ro code  ro data  rw data
    ------                  -------  -------  -------
command line/config:
    -------------------------------------------------
    Total:

C:\Users\Giovanni\Documents\eclipse-workspace\S11_G01_2019.2_Giovanni\Projects\temporizador\ewarm\Obj: [1]
    RTX_Config.o                  4
    driverleds.o                308
    rtx_lib.o                     2      204    4'940
    startup_TM4C1294.o          982
    system_TM4C1294_TW.o         44                 4
    temporizador.o              116                 9
    -------------------------------------------------
    Total:                    1'456      204    4'953

RTX_CM.a: [2]
    irq_cm4f.o                  196
    os_systick.o                126                 1
    rtx_delay.o                 100
    rtx_evr.o                   108
    rtx_kernel.o                660       13      164
    rtx_memory.o                272
    rtx_mempool.o               230
    rtx_msgqueue.o            1'564
    rtx_mutex.o                  82
    rtx_system.o                372
    rtx_thread.o              1'896
    rtx_timer.o                 632
    -------------------------------------------------
    Total:                    6'238       13      165

dl7M_tln.a: [3]
    exit.o                        4
    low_level_init.o              4
    -------------------------------------------------
    Total:                        8

driverlib.a: [4]
    gpio.o                      334
    sysctl.o                    668      588
    -------------------------------------------------
    Total:                    1'002      588

rt7M_tl.a: [5]
    ABImemclr.o                   6
    ABImemclr4.o                  6
    ABImemcpy.o                 166
    ABImemset.o                  94
    ABImemset48.o                50
    cexit.o                      10
    cmain.o                      30
    cstartup_M.o                 12
    data_init.o                  40
    packbits_init_single.o       56
    zero_init3.o                 58
    -------------------------------------------------
    Total:                      528

shb_l.a: [6]
    exit.o                       20
    -------------------------------------------------
    Total:                       20

    Gaps                         14        2        4
    Linker created                        32   32'768
-----------------------------------------------------
    Grand Total:              9'266      839   37'890


*******************************************************************************
*** ENTRY LIST
***

Entry                       Address    Size  Type      Object
-----                       -------    ----  ----      ------
.iar.init_table$$Base        0x26c8           --   Gb  - Linker created -
.iar.init_table$$Limit       0x26e8           --   Gb  - Linker created -
?main                        0x26e9          Code  Gb  cmain.o [5]
CSTACK$$Base            0x2000'1408           --   Gb  - Linker created -
CSTACK$$Limit           0x2000'9408           --   Gb  - Linker created -
EvrRtxDelay                  0x2517     0x2  Code  Wk  rtx_evr.o [2]
EvrRtxDelayCompleted          0xb29     0x2  Code  Wk  rtx_evr.o [2]
EvrRtxDelayError             0x2519     0x2  Code  Wk  rtx_evr.o [2]
EvrRtxDelayStarted           0x2515     0x2  Code  Wk  rtx_evr.o [2]
EvrRtxEventFlagsWaitTimeout
                              0xb2d     0x2  Code  Wk  rtx_evr.o [2]
EvrRtxKernelError            0x1bc9     0x2  Code  Wk  rtx_evr.o [2]
EvrRtxKernelGetState         0x1c11     0x2  Code  Wk  rtx_evr.o [2]
EvrRtxKernelInitialize       0x1c8d     0x2  Code  Wk  rtx_evr.o [2]
EvrRtxKernelInitialized
                             0x1c0f     0x2  Code  Wk  rtx_evr.o [2]
EvrRtxKernelStart            0x1c8f     0x2  Code  Wk  rtx_evr.o [2]
EvrRtxKernelStarted          0x1c89     0x2  Code  Wk  rtx_evr.o [2]
EvrRtxMemoryAlloc             0xd9f     0x2  Code  Wk  rtx_evr.o [2]
EvrRtxMemoryBlockAlloc        0xd9b     0x2  Code  Wk  rtx_evr.o [2]
EvrRtxMemoryBlockFree         0xd9d     0x2  Code  Wk  rtx_evr.o [2]
EvrRtxMemoryBlockInit         0xd99     0x2  Code  Wk  rtx_evr.o [2]
EvrRtxMemoryFree              0xdd3     0x2  Code  Wk  rtx_evr.o [2]
EvrRtxMemoryInit             0x1c91     0x2  Code  Wk  rtx_evr.o [2]
EvrRtxMemoryPoolAllocTimeout
                              0xb33     0x2  Code  Wk  rtx_evr.o [2]
EvrRtxMessageQueueCreated
                             0x14a7     0x2  Code  Wk  rtx_evr.o [2]
EvrRtxMessageQueueError
                             0x149f     0x2  Code  Wk  rtx_evr.o [2]
EvrRtxMessageQueueGet        0x162b     0x2  Code  Wk  rtx_evr.o [2]
EvrRtxMessageQueueGetPending
                             0x14ad     0x2  Code  Wk  rtx_evr.o [2]
EvrRtxMessageQueueGetTimeout
                              0xb35     0x2  Code  Wk  rtx_evr.o [2]
EvrRtxMessageQueueInsertPending
                             0x1629     0x2  Code  Wk  rtx_evr.o [2]
EvrRtxMessageQueueInserted
                             0x149b     0x2  Code  Wk  rtx_evr.o [2]
EvrRtxMessageQueueNew        0x14b1     0x2  Code  Wk  rtx_evr.o [2]
EvrRtxMessageQueueNotInserted
                             0x14ab     0x2  Code  Wk  rtx_evr.o [2]
EvrRtxMessageQueueNotRetrieved
                             0x14af     0x2  Code  Wk  rtx_evr.o [2]
EvrRtxMessageQueuePut        0x14b3     0x2  Code  Wk  rtx_evr.o [2]
EvrRtxMessageQueuePutPending
                             0x14a9     0x2  Code  Wk  rtx_evr.o [2]
EvrRtxMessageQueuePutTimeout
                              0xb37     0x2  Code  Wk  rtx_evr.o [2]
EvrRtxMessageQueueRetrieved
                             0x149d     0x2  Code  Wk  rtx_evr.o [2]
EvrRtxMutexAcquireTimeout
                              0xb2f     0x2  Code  Wk  rtx_evr.o [2]
EvrRtxMutexAcquired           0xdd7     0x2  Code  Wk  rtx_evr.o [2]
EvrRtxMutexReleased           0xdd5     0x2  Code  Wk  rtx_evr.o [2]
EvrRtxSemaphoreAcquireTimeout
                              0xb31     0x2  Code  Wk  rtx_evr.o [2]
EvrRtxThreadBlocked           0xb3f     0x2  Code  Wk  rtx_evr.o [2]
EvrRtxThreadCreated           0xcef     0x2  Code  Wk  rtx_evr.o [2]
EvrRtxThreadDestroyed         0xd91     0x2  Code  Wk  rtx_evr.o [2]
EvrRtxThreadError             0xc63     0x2  Code  Wk  rtx_evr.o [2]
EvrRtxThreadExit              0xd95     0x2  Code  Wk  rtx_evr.o [2]
EvrRtxThreadFlagsWaitCompleted
                              0xb41     0x2  Code  Wk  rtx_evr.o [2]
EvrRtxThreadFlagsWaitTimeout
                              0xb2b     0x2  Code  Wk  rtx_evr.o [2]
EvrRtxThreadJoined            0xd8f     0x2  Code  Wk  rtx_evr.o [2]
EvrRtxThreadNew               0xd93     0x2  Code  Wk  rtx_evr.o [2]
EvrRtxThreadPreempted         0xb3b     0x2  Code  Wk  rtx_evr.o [2]
EvrRtxThreadSwitched          0xb3d     0x2  Code  Wk  rtx_evr.o [2]
EvrRtxThreadUnblocked         0xb39     0x2  Code  Wk  rtx_evr.o [2]
EvrRtxTimerCallback          0x1f17     0x2  Code  Wk  rtx_evr.o [2]
EvrRtxTimerCreated           0x1f0d     0x2  Code  Wk  rtx_evr.o [2]
EvrRtxTimerError             0x1f0f     0x2  Code  Wk  rtx_evr.o [2]
EvrRtxTimerNew               0x1f13     0x2  Code  Wk  rtx_evr.o [2]
EvrRtxTimerStart             0x1f15     0x2  Code  Wk  rtx_evr.o [2]
EvrRtxTimerStarted           0x1f11     0x2  Code  Wk  rtx_evr.o [2]
GPIODirModeSet               0x20c9    0x28  Code  Gb  gpio.o [4]
GPIOPadConfigSet             0x20f1   0x102  Code  Gb  gpio.o [4]
GPIOPinTypeGPIOOutput        0x21fb     0xa  Code  Gb  gpio.o [4]
GPIOPinWrite                 0x21f3     0x8  Code  Gb  gpio.o [4]
LEDInit                      0x2219    0xac  Code  Gb  driverleds.o [1]
LEDWrite                     0x22e3    0x58  Code  Gb  driverleds.o [1]
MessageQueueGet               0xe25    0x40  Code  Lc  rtx_msgqueue.o [2]
MessageQueuePut               0xdd9    0x4a  Code  Lc  rtx_msgqueue.o [2]
MessageQueueRemove            0xe65    0x1a  Code  Lc  rtx_msgqueue.o [2]
OS_Tick_AcknowledgeIRQ       0x168d     0xc  Code  Wk  os_systick.o [2]
OS_Tick_Enable               0x1c5d    0x2c  Code  Wk  os_systick.o [2]
OS_Tick_GetIRQn              0x1c55     0x6  Code  Wk  os_systick.o [2]
OS_Tick_Setup                0x1c15    0x40  Code  Wk  os_systick.o [2]
PendST                  0x2000'13fd     0x1  Data  Lc  os_systick.o [2]
PendSV_Handler               0x23e5          Code  Gb  irq_cm4f.o [2]
Region$$Table$$Base          0x26c8           --   Gb  - Linker created -
Region$$Table$$Limit         0x26e8           --   Gb  - Linker created -
SVC_Handler                  0x234d          Code  Gb  irq_cm4f.o [2]
SysCtlClockFreqSet           0x16f9   0x1fc  Code  Gb  sysctl.o [4]
SysCtlPeripheralEnable       0x16db     0x8  Code  Gb  sysctl.o [4]
SysCtlPeripheralReady        0x16b9     0x8  Code  Gb  sysctl.o [4]
SysTick_Handler              0x23f5          Code  Gb  irq_cm4f.o [2]
SystemCoreClock         0x2000'1400     0x4  Data  Gb  system_TM4C1294_TW.o [1]
SystemInit                   0x24e9    0x1a  Code  Gb  system_TM4C1294_TW.o [1]
ThreadFlagsCheck              0x3c1    0x6c  Code  Lc  rtx_thread.o [2]
TimerInsert                  0x1c95    0x38  Code  Lc  rtx_timer.o [2]
TimerRemove                  0x1ccd    0x22  Code  Lc  rtx_timer.o [2]
_SysCtlMemTimingGet          0x1699    0x20  Code  Lc  sysctl.o [4]
__Vectors                       0x0           --   Gb  startup_TM4C1294.o [1]
__Vectors_End                 0x3c0          Data  Gb  startup_TM4C1294.o [1]
__Vectors_Size {Abs}          0x3c0           --   Gb  startup_TM4C1294.o [1]
__aeabi_memclr               0x14a1          Code  Gb  ABImemclr.o [5]
__aeabi_memclr4               0xce9          Code  Gb  ABImemclr4.o [5]
__aeabi_memcpy               0x13f5          Code  Gb  ABImemcpy.o [5]
__aeabi_memcpy4              0x1415          Code  Gb  ABImemcpy.o [5]
__aeabi_memcpy8              0x1415          Code  Gb  ABImemcpy.o [5]
__cmain                      0x26e9          Code  Gb  cmain.o [5]
__exit                       0x271d    0x14  Code  Gb  exit.o [6]
__iar_Memset4_word            0xda1          Code  Gb  ABImemset48.o [5]
__iar_Memset8_word            0xda1          Code  Gb  ABImemset48.o [5]
__iar_Memset_word            0x162d          Code  Gb  ABImemset.o [5]
__iar_data_init3             0x2659    0x28  Code  Gb  data_init.o [5]
__iar_init_vfp               0x2751          Code  Wk  startup_TM4C1294.o [1]
__iar_packbits_init_single3
                             0x25f1    0x38  Code  Gb  packbits_init_single.o [5]
__iar_program_start          0x275d          Code  Gb  cstartup_M.o [5]
__iar_zero_init3              0xb43    0x3a  Code  Gb  zero_init3.o [5]
__low_level_init             0x2707     0x4  Code  Gb  low_level_init.o [3]
__vector_table                  0x0          Data  Gb  startup_TM4C1294.o [1]
__vector_table_0x1c            0x1c          Data  Gb  startup_TM4C1294.o [1]
_call_main                   0x26f5          Code  Gb  cmain.o [5]
_exit                        0x2711          Code  Gb  cexit.o [5]
_main                        0x2703          Code  Gb  cmain.o [5]
app_main                     0x2421    0x18  Code  Gb  temporizador.o [1]
app_main_id             0x2000'13f8     0x4  Data  Gb  temporizador.o [1]
callback                     0x2411    0x10  Code  Gb  temporizador.o [1]
exit                         0x270b     0x4  Code  Gb  exit.o [3]
g_pppui32XTALtoVCO           0x1f18   0x1b0  Data  Lc  sysctl.o [4]
g_pui32VCOFrequencies        0x192c     0x8  Data  Lc  sysctl.o [4]
g_pui32Xtals                 0x251c    0x6c  Data  Lc  sysctl.o [4]
g_sXTALtoMEMTIM              0x2628    0x30  Data  Lc  sysctl.o [4]
main                         0x2439    0x3a  Code  Gb  temporizador.o [1]
osDelay                      0x24a9    0x38  Code  Gb  rtx_delay.o [2]
osKernelGetState             0x1b2d    0x40  Code  Gb  rtx_kernel.o [2]
osKernelInitialize           0x1af5    0x38  Code  Gb  rtx_kernel.o [2]
osKernelStart                0x1b6d    0x34  Code  Gb  rtx_kernel.o [2]
osMessageQueueGet            0x1351    0x90  Code  Gb  rtx_msgqueue.o [2]
osMessageQueueNew            0x1279    0x3e  Code  Gb  rtx_msgqueue.o [2]
osMessageQueuePut            0x12b9    0x98  Code  Gb  rtx_msgqueue.o [2]
osRtxConfig                  0x2588    0x68  Data  Gb  rtx_lib.o [1]
osRtxErrorNotify              0xd97     0x2  Code  Wk  RTX_Config.o [1]
osRtxIdleThread               0xce7     0x2  Code  Wk  RTX_Config.o [1]
osRtxInfo               0x2000'0000    0xa4  Data  Gb  rtx_kernel.o [2]
osRtxKernelPreInit           0x1c8b     0x2  Code  Gb  rtx_lib.o [1]
osRtxMemoryAlloc              0xc65    0x82  Code  Wk  rtx_memory.o [2]
osRtxMemoryFree               0xcf1    0x4a  Code  Wk  rtx_memory.o [2]
osRtxMemoryInit              0x1bcb    0x44  Code  Wk  rtx_memory.o [2]
osRtxMemoryPoolAlloc          0xbc9    0x44  Code  Gb  rtx_mempool.o [2]
osRtxMemoryPoolFree           0xc0d    0x56  Code  Gb  rtx_mempool.o [2]
osRtxMemoryPoolInit           0xb7d    0x4a  Code  Gb  rtx_mempool.o [2]
osRtxMessageQueuePostProcess
                              0xe7f    0xe6  Code  Lc  rtx_msgqueue.o [2]
osRtxMutexOwnerRelease        0xd3d    0x52  Code  Gb  rtx_mutex.o [2]
osRtxPendSV_Handler          0x1525    0x8a  Code  Gb  rtx_system.o [2]
osRtxPostProcess             0x15b1    0x6e  Code  Gb  rtx_system.o [2]
osRtxThreadBlock              0x629    0x34  Code  Lc  rtx_thread.o [2]
osRtxThreadDelayInsert        0x481    0x62  Code  Lc  rtx_thread.o [2]
osRtxThreadDelayRemove        0x4e3    0x44  Code  Lc  rtx_thread.o [2]
osRtxThreadDelayTick          0x527    0xee  Code  Gb  rtx_thread.o [2]
osRtxThreadDispatch           0x679    0x54  Code  Gb  rtx_thread.o [2]
osRtxThreadFree               0x967    0x56  Code  Lc  rtx_thread.o [2]
osRtxThreadListGet            0x44f    0x14  Code  Gb  rtx_thread.o [2]
osRtxThreadListPut            0x42d    0x22  Code  Gb  rtx_thread.o [2]
osRtxThreadListRemove         0x463    0x16  Code  Gb  rtx_thread.o [2]
osRtxThreadPostProcess        0x741    0x54  Code  Lc  rtx_thread.o [2]
osRtxThreadReadyPut           0x479     0x8  Code  Gb  rtx_thread.o [2]
osRtxThreadRegPtr             0x615    0x14  Code  Gb  rtx_thread.o [2]
osRtxThreadStartup            0xa51    0x30  Code  Gb  rtx_thread.o [2]
osRtxThreadSwitch             0x65d    0x1c  Code  Gb  rtx_thread.o [2]
osRtxThreadWaitEnter          0x707    0x3a  Code  Gb  rtx_thread.o [2]
osRtxThreadWaitExit           0x6d3    0x2e  Code  Gb  rtx_thread.o [2]
osRtxTick_Handler            0x14b5    0x6e  Code  Gb  rtx_system.o [2]
osRtxTimerThread             0x1ec9    0x44  Code  Wk  rtx_timer.o [2]
osRtxTimerTick               0x1cef    0x54  Code  Lc  rtx_timer.o [2]
osRtxUserSVC                 0x2768     0x4  Data  Wk  rtx_lib.o [1]
osThreadExit                  0xacd    0x16  Code  Gb  rtx_thread.o [2]
osThreadNew                   0xa85    0x40  Code  Gb  rtx_thread.o [2]
osTimerNew                   0x1e35    0x42  Code  Gb  rtx_timer.o [2]
osTimerStart                 0x1e79    0x3e  Code  Gb  rtx_timer.o [2]
os_idle_thread_attr          0x2680    0x24  Data  Lc  rtx_lib.o [1]
os_idle_thread_cb       0x2000'12f8    0x44  Data  Lc  rtx_lib.o [1]
os_idle_thread_stack    0x2000'10a8   0x100  Data  Lc  rtx_lib.o [1]
os_isr_queue            0x2000'1380    0x40  Data  Lc  rtx_lib.o [1]
os_mem                  0x2000'00a8  0x1000  Data  Lc  rtx_lib.o [1]
os_timer_mq_attr             0x2730    0x18  Data  Lc  rtx_lib.o [1]
os_timer_mq_cb          0x2000'13c0    0x34  Data  Lc  rtx_lib.o [1]
os_timer_mq_data        0x2000'12a8    0x50  Data  Lc  rtx_lib.o [1]
os_timer_thread_attr         0x26a4    0x24  Data  Lc  rtx_lib.o [1]
os_timer_thread_cb      0x2000'133c    0x44  Data  Lc  rtx_lib.o [1]
os_timer_thread_stack   0x2000'11a8   0x100  Data  Lc  rtx_lib.o [1]
state                   0x2000'13fc     0x1  Data  Gb  temporizador.o [1]
svcRtxDelay                  0x2485    0x24  Code  Lc  rtx_delay.o [2]
svcRtxKernelGetState         0x1a4b    0x12  Code  Lc  rtx_kernel.o [2]
svcRtxKernelInitialize       0x1935   0x116  Code  Lc  rtx_kernel.o [2]
svcRtxKernelStart            0x1a5d    0x96  Code  Lc  rtx_kernel.o [2]
svcRtxMessageQueueGet        0x1169    0xe8  Code  Lc  rtx_msgqueue.o [2]
svcRtxMessageQueueNew         0xf65   0x130  Code  Lc  rtx_msgqueue.o [2]
svcRtxMessageQueuePut        0x1095    0xd4  Code  Lc  rtx_msgqueue.o [2]
svcRtxThreadExit              0x9bd    0x8e  Code  Lc  rtx_thread.o [2]
svcRtxThreadNew               0x795   0x1cc  Code  Lc  rtx_thread.o [2]
svcRtxTimerNew               0x1d43    0x9e  Code  Lc  rtx_timer.o [2]
svcRtxTimerStart             0x1de1    0x4c  Code  Lc  rtx_timer.o [2]
timer1_id               0x2000'13f4     0x4  Data  Gb  temporizador.o [1]


[1] = C:\Users\Giovanni\Documents\eclipse-workspace\S11_G01_2019.2_Giovanni\Projects\temporizador\ewarm\Obj
[2] = RTX_CM.a
[3] = dl7M_tln.a
[4] = driverlib.a
[5] = rt7M_tl.a
[6] = shb_l.a

   9'266 bytes of readonly  code memory
     839 bytes of readonly  data memory
  37'890 bytes of readwrite data memory

Errors: none
Warnings: none
