###############################################################################
#
# IAR ELF Linker V8.40.2.214/W32 for ARM                  19/Dec/2019  14:47:48
# Copyright 2007-2019 IAR Systems AB.
#
#    Output file  =
#        D:\Usuario\Documents\GitHub\S11_G01_2019.2
#        (Giovanni)\Projects\s11_g01_lab3\ewarm\Exe\tarefas.out
#    Map file     =
#        D:\Usuario\Documents\GitHub\S11_G01_2019.2
#        (Giovanni)\Projects\s11_g01_lab3\ewarm\List\tarefas.map
#    Command line =
#        -f C:\Users\Giovanni\AppData\Local\Temp\EW1726.tmp
#        ("D:\Usuario\Documents\GitHub\S11_G01_2019.2
#        (Giovanni)\Projects\s11_g01_lab3\ewarm\Obj\comandos.o"
#        "D:\Usuario\Documents\GitHub\S11_G01_2019.2
#        (Giovanni)\Projects\s11_g01_lab3\ewarm\Obj\driverleds.o"
#        "D:\Usuario\Documents\GitHub\S11_G01_2019.2
#        (Giovanni)\TivaWare_C_Series-2.1.4.178\driverlib\ewarm\Exe\driverlib.a"
#        "D:\Usuario\Documents\GitHub\S11_G01_2019.2
#        (Giovanni)\Projects\s11_g01_lab3\ewarm\Obj\elevador.o"
#        "D:\Usuario\Documents\GitHub\S11_G01_2019.2
#        (Giovanni)\Projects\s11_g01_lab3\ewarm\Obj\main.o"
#        "D:\Usuario\Documents\GitHub\S11_G01_2019.2
#        (Giovanni)\CMSIS-5.6.0\CMSIS\RTOS2\RTX\Library\IAR\IDE\CM4F\Exe\RTX_CM.a"
#        "D:\Usuario\Documents\GitHub\S11_G01_2019.2
#        (Giovanni)\Projects\s11_g01_lab3\ewarm\Obj\RTX_Config.o"
#        "D:\Usuario\Documents\GitHub\S11_G01_2019.2
#        (Giovanni)\Projects\s11_g01_lab3\ewarm\Obj\rtx_lib.o"
#        "D:\Usuario\Documents\GitHub\S11_G01_2019.2
#        (Giovanni)\Projects\s11_g01_lab3\ewarm\Obj\startup_TM4C1294.o"
#        "D:\Usuario\Documents\GitHub\S11_G01_2019.2
#        (Giovanni)\Projects\s11_g01_lab3\ewarm\Obj\string_utils.o"
#        "D:\Usuario\Documents\GitHub\S11_G01_2019.2
#        (Giovanni)\Projects\s11_g01_lab3\ewarm\Obj\system_TM4C1294_TW.o"
#        "D:\Usuario\Documents\GitHub\S11_G01_2019.2
#        (Giovanni)\Projects\s11_g01_lab3\ewarm\Obj\uartstdio.o"
#        --no_out_extension -o "D:\Usuario\Documents\GitHub\S11_G01_2019.2
#        (Giovanni)\Projects\s11_g01_lab3\ewarm\Exe\tarefas.out" --map
#        "D:\Usuario\Documents\GitHub\S11_G01_2019.2
#        (Giovanni)\Projects\s11_g01_lab3\ewarm\List\tarefas.map" --config
#        "D:\Program Files (x86)\IAR Systems\Embedded Workbench
#        8.3\arm\config\linker\TexasInstruments\TM4C1294NC.icf" --semihosting
#        --entry __iar_program_start --vfe --text_out locale)
#
###############################################################################

*******************************************************************************
*** RUNTIME MODEL ATTRIBUTES
***

CppFlavor       = *
__SystemLibrary = DLib
__dlib_version  = 6


*******************************************************************************
*** HEAP SELECTION
***

The basic heap was selected because some modules are built with
size limitations (and not runtime checking), and --advanced_heap
was not specified.


*******************************************************************************
*** PLACEMENT SUMMARY
***

"A0":  place at address 0x0 { ro section .intvec };
"P1":  place in [from 0x0 to 0xf'ffff] { ro };
define block CSTACK with size = 32K, alignment = 8 { };
define block HEAP with size = 64K, alignment = 8 { };
"P2":  place in [from 0x2000'0000 to 0x2003'ffff] {
          rw, block CSTACK, block HEAP };
initialize by copy { rw };

  Section               Kind         Address    Size  Object
  -------               ----         -------    ----  ------
"A0":                                          0x3c0
  .intvec               ro code          0x0   0x3c0  startup_TM4C1294.o [1]
                                     - 0x3c0   0x3c0

"P1":                                         0x38f9
  .text                 ro code        0x3c0   0xc44  comandos.o [1]
  .text                 ro code       0x1004   0x3a0  uartstdio.o [1]
  .text                 ro code       0x13a4   0x61c  rtx_msgqueue.o [2]
  .text                 ro code       0x19c0    0x64  rtx_delay.o [2]
  .text                 ro code       0x1a24    0x28  printf.o [3]
  .text                 ro code       0x1a4c    0x36  strlen.o [5]
  .text                 ro code       0x1a82    0x3a  zero_init3.o [5]
  .text                 ro code       0x1abc    0xec  interrupt.o [4]
  .text                 ro code       0x1ba8   0x124  uart.o [4]
  .text                 ro code       0x1ccc   0x2ac  sysctl.o [4]
  .text                 ro code       0x1f78    0xe6  rtx_mempool.o [2]
  .text                 ro code       0x205e     0x2  RTX_Config.o [1]
  .text                 ro code       0x2060   0x768  rtx_thread.o [2]
  .text                 ro code       0x27c8    0xa6  ABImemcpy.o [5]
  .text                 ro code       0x286e     0x2  rtx_evr.o [2]
  .text                 ro code       0x2870     0x2  rtx_evr.o [2]
  .text                 ro code       0x2872     0x2  rtx_evr.o [2]
  .text                 ro code       0x2874    0x82  rtx_memory.o [2]
  .text                 ro code       0x28f6    0x4a  rtx_memory.o [2]
  .text                 ro code       0x2940     0x6  ABImemclr.o [5]
  .text                 ro code       0x2946     0x2  rtx_evr.o [2]
  .text                 ro code       0x2948     0x2  rtx_evr.o [2]
  .text                 ro code       0x294a     0x2  rtx_evr.o [2]
  .text                 ro code       0x294c     0x2  rtx_evr.o [2]
  .text                 ro code       0x294e     0x2  rtx_evr.o [2]
  .text                 ro code       0x2950     0x2  rtx_evr.o [2]
  .text                 ro code       0x2952     0x2  rtx_evr.o [2]
  .text                 ro code       0x2954     0x2  rtx_evr.o [2]
  .text                 ro code       0x2956     0x2  rtx_evr.o [2]
  .text                 ro code       0x2958   0x174  rtx_system.o [2]
  .text                 ro code       0x2acc     0x2  rtx_evr.o [2]
  .text                 ro code       0x2ace     0x2  rtx_evr.o [2]
  .text                 ro code       0x2ad0     0x2  rtx_evr.o [2]
  .text                 ro code       0x2ad2     0x2  rtx_evr.o [2]
  .text                 ro code       0x2ad4     0x2  rtx_evr.o [2]
  .text                 ro code       0x2ad6     0x2  rtx_evr.o [2]
  .text                 ro code       0x2ad8   0x134  xprintftiny.o [3]
  .text                 ro code       0x2c0c    0x10  cpu.o [4]
  .text                 ro code       0x2c1c     0x2  rtx_evr.o [2]
  .text                 ro code       0x2c1e     0x2  rtx_evr.o [2]
  .text                 ro code       0x2c20     0x2  rtx_evr.o [2]
  .text                 ro code       0x2c22     0x2  rtx_evr.o [2]
  .text                 ro code       0x2c24     0x2  rtx_evr.o [2]
  .text                 ro code       0x2c26     0x2  rtx_evr.o [2]
  .text                 ro code       0x2c28     0x2  rtx_evr.o [2]
  .text                 ro code       0x2c2a     0x2  rtx_evr.o [2]
  .text                 ro code       0x2c2c     0x2  rtx_evr.o [2]
  .text                 ro code       0x2c2e     0x2  rtx_evr.o [2]
  .text                 ro code       0x2c30     0x2  rtx_evr.o [2]
  .text                 ro code       0x2c32     0x2  rtx_evr.o [2]
  .text                 ro code       0x2c34     0x2  rtx_evr.o [2]
  .text                 ro code       0x2c36     0x2  rtx_evr.o [2]
  .text                 ro code       0x2c38     0x6  ABImemclr4.o [5]
  .text                 ro code       0x2c3e     0x2  rtx_evr.o [2]
  .text                 ro code       0x2c40    0x52  rtx_mutex.o [2]
  .text                 ro code       0x2c92     0x2  rtx_evr.o [2]
  .text                 ro code       0x2c94     0x2  rtx_evr.o [2]
  .text                 ro code       0x2c96     0x2  rtx_evr.o [2]
  .text                 ro code       0x2c98     0x2  rtx_evr.o [2]
  .text                 ro code       0x2c9a    0x20  RTX_Config.o [1]
  .text                 ro code       0x2cba     0x2  rtx_evr.o [2]
  .text                 ro code       0x2cbc     0x2  rtx_evr.o [2]
  .text                 ro code       0x2cbe     0x2  startup_TM4C1294.o [1]
  .text                 ro code       0x2cc0    0x5e  ABImemset.o [5]
  .text                 ro code       0x2d20     0xc  os_systick.o [2]
  .text                 ro code       0x2d2c    0x32  ABImemset48.o [5]
  .text                 ro code       0x2d5e     0x2  rtx_evr.o [2]
  .text                 ro code       0x2d60     0x2  rtx_evr.o [2]
  .text                 ro code       0x2d64   0x294  rtx_kernel.o [2]
  .text                 ro code       0x2ff8     0x2  rtx_evr.o [2]
  .text                 ro code       0x2ffa    0x44  rtx_memory.o [2]
  .text                 ro code       0x303e     0x2  rtx_evr.o [2]
  .text                 ro code       0x3040     0x2  rtx_evr.o [2]
  .text                 ro code       0x3044    0x40  os_systick.o [2]
  .text                 ro code       0x3084     0x6  os_systick.o [2]
  .text                 ro code       0x308c    0x2c  os_systick.o [2]
  .text                 ro code       0x30b8     0x2  rtx_evr.o [2]
  .text                 ro code       0x30ba     0x2  rtx_lib.o [1]
  .text                 ro code       0x30bc     0x2  rtx_evr.o [2]
  .text                 ro code       0x30be     0x2  rtx_evr.o [2]
  .text                 ro code       0x30c0     0x2  rtx_evr.o [2]
  .rodata               const         0x30c4   0x1b0  sysctl.o [4]
  .text                 ro code       0x3274   0x18c  gpio.o [4]
  .text                 ro code       0x3400   0x134  main.o [1]
  .text                 ro code       0x3534    0x2c  system_TM4C1294_TW.o [1]
  .text                 ro code       0x3560    0xd8  elevador.o [1]
  .text                 ro code       0x3638    0x34  string_utils.o [1]
  .text                 ro code       0x366c    0xd4  rtx_timer.o [2]
  .text                 ro code       0x3740     0x2  rtx_evr.o [2]
  .text                 ro code       0x3744    0xc4  irq_cm4f.o [2]
  .rodata               const         0x3808    0x90  gpio.o [4]
  .text                 ro code       0x3898    0x7c  iarttio.o [6]
  .text                 ro code       0x3914    0x3c  XShttio.o [3]
  .rodata               const         0x3950    0x6c  sysctl.o [4]
  .rodata               const         0x39bc    0x68  rtx_lib.o [1]
  .text                 ro code       0x3a24    0x38  packbits_init_single.o [5]
  .rodata               const         0x3a5c    0x30  sysctl.o [4]
  .text                 ro code       0x3a8c    0x28  data_init.o [5]
  .rodata               const         0x3ab4    0x24  rtx_lib.o [1]
  .rodata               const         0x3ad8    0x24  rtx_lib.o [1]
  .text                 ro code       0x3afc    0x22  iarwrite.o [6]
  .iar.init_table       const         0x3b20    0x20  - Linker created -
  .text                 ro code       0x3b40    0x20  putchar.o [3]
  .text                 ro code       0x3b60    0x10  write.o [6]
  .text                 ro code       0x3b70    0x1e  dwrite.o [6]
  .text                 ro code       0x3b8e    0x20  iarwstd.o [6]
  .text                 ro code       0x3bb0    0x1e  cmain.o [5]
  .text                 ro code       0x3bce     0x4  low_level_init.o [3]
  .text                 ro code       0x3bd2     0x4  exit.o [3]
  .text                 ro code       0x3bd8     0xa  cexit.o [5]
  .text                 ro code       0x3be4    0x14  exit.o [6]
  .rodata               const         0x3bf8    0x1c  comandos.o [1]
  .rodata               const         0x3c14    0x1c  comandos.o [1]
  .rodata               const         0x3c30    0x18  rtx_lib.o [1]
  .text                 ro code       0x3c48    0x16  xprout.o [3]
  .text                 ro code       0x3c60    0x14  startup_TM4C1294.o [1]
  .rodata               const         0x3c74     0xc  uartstdio.o [1]
  .rodata               const         0x3c80     0xc  uartstdio.o [1]
  .rodata               const         0x3c8c     0xc  uartstdio.o [1]
  .text                 ro code       0x3c98     0xc  cstartup_M.o [5]
  .rodata               const         0x3ca4     0x4  rtx_lib.o [1]
  .rodata               const         0x3ca8     0x0  zero_init3.o [5]
  .rodata               const         0x3ca8     0x0  packbits_init_single.o [5]
  Initializer bytes     const         0x3ca8    0x11  <for P2-1>
                                    - 0x3cb9  0x38f9

"P2", part 1 of 3:                              0xaf
  P2-1                           0x2000'0000    0xaf  <Init block>
    .data               inited   0x2000'0000     0x8  XShttio.o [3]
    .data.os            inited   0x2000'0008    0xa4  rtx_kernel.o [2]
    .data               inited   0x2000'00ac     0x1  comandos.o [1]
    .data               inited   0x2000'00ad     0x1  comandos.o [1]
    .data               inited   0x2000'00ae     0x1  comandos.o [1]
                               - 0x2000'00af    0xaf

"P2", part 2 of 3:                            0x18e8
  .bss.os               zero     0x2000'00b0  0x1000  rtx_lib.o [1]
  .bss                  zero     0x2000'10b0   0x400  uartstdio.o [1]
  .bss.os.thread.stack  zero     0x2000'14b0   0x100  rtx_lib.o [1]
  .bss.os.thread.stack  zero     0x2000'15b0   0x100  rtx_lib.o [1]
  .bss                  zero     0x2000'16b0    0x80  uartstdio.o [1]
  .bss.os.msgqueue.mem  zero     0x2000'1730    0x50  rtx_lib.o [1]
  .bss.os.thread.cb     zero     0x2000'1780    0x44  rtx_lib.o [1]
  .bss.os.thread.cb     zero     0x2000'17c4    0x44  rtx_lib.o [1]
  .bss                  zero     0x2000'1808    0x40  comandos.o [1]
  .bss                  zero     0x2000'1848    0x40  comandos.o [1]
  .bss                  zero     0x2000'1888    0x40  comandos.o [1]
  .bss.os               zero     0x2000'18c8    0x40  rtx_lib.o [1]
  .bss.os.msgqueue.cb   zero     0x2000'1908    0x34  rtx_lib.o [1]
  .bss                  zero     0x2000'193c     0xc  comandos.o [1]
  .bss                  zero     0x2000'1948     0xc  elevador.o [1]
  .bss                  zero     0x2000'1954     0x4  comandos.o [1]
  .bss                  zero     0x2000'1958     0x4  comandos.o [1]
  .bss                  zero     0x2000'195c     0x4  comandos.o [1]
  .bss                  zero     0x2000'1960     0x4  comandos.o [1]
  .bss                  zero     0x2000'1964     0x4  comandos.o [1]
  .bss                  zero     0x2000'1968     0x4  comandos.o [1]
  .bss                  zero     0x2000'196c     0x4  comandos.o [1]
  .bss                  zero     0x2000'1970     0x4  comandos.o [1]
  .bss                  zero     0x2000'1974     0x4  comandos.o [1]
  .bss                  zero     0x2000'1978     0x4  comandos.o [1]
  .bss                  zero     0x2000'197c     0x4  uartstdio.o [1]
  .bss                  zero     0x2000'1980     0x4  uartstdio.o [1]
  .bss                  zero     0x2000'1984     0x4  uartstdio.o [1]
  .bss                  zero     0x2000'1988     0x4  uartstdio.o [1]
  .bss                  zero     0x2000'198c     0x4  uartstdio.o [1]
  .bss                  zero     0x2000'1990     0x4  uartstdio.o [1]
  .bss                  zero     0x2000'1994     0x1  uartstdio.o [1]
  .bss                  zero     0x2000'1995     0x1  uartstdio.o [1]
  .bss                  zero     0x2000'1996     0x1  os_systick.o [2]
  .bss                  zero     0x2000'1997     0x1  XShttio.o [3]
                               - 0x2000'1998  0x18e8

"P2", part 3 of 3:                            0x8008
  .noinit               uninit   0x2000'1998     0x4  system_TM4C1294_TW.o [1]
  CSTACK                         0x2000'19a0  0x8000  <Block>
    CSTACK              uninit   0x2000'19a0  0x8000  <Block tail>
                               - 0x2000'99a0  0x8008

Unused ranges:

         From           To      Size
         ----           --      ----
       0x3cb9     0xf'ffff  0xf'c347
  0x2000'00af  0x2000'00af       0x1
  0x2000'99a0  0x2003'ffff  0x3'6660


*******************************************************************************
*** INIT TABLE
***

          Address      Size
          -------      ----
Zero (__iar_zero_init3)
    1 destination range, total size 0x18e8:
          0x2000'00b0  0x18e8

Copy/packbits (__iar_packbits_init_single3)
    1 source range, total size 0x11 (9% of destination):
               0x3ca8    0x11
    1 destination range, total size 0xaf:
          0x2000'0000    0xaf



*******************************************************************************
*** MODULE SUMMARY
***

    Module                  ro code  ro data  rw data
    ------                  -------  -------  -------
command line/config:
    -------------------------------------------------
    Total:

D:\Usuario\Documents\GitHub\S11_G01_2019.2 (Giovanni)\Projects\s11_g01_lab3\ewarm\Obj: [1]
    RTX_Config.o                 34
    comandos.o                3'140       57      247
    elevador.o                  216                12
    main.o                      308
    rtx_lib.o                     2      204    4'940
    startup_TM4C1294.o          982
    string_utils.o               52
    system_TM4C1294_TW.o         44                 4
    uartstdio.o                 928       36    1'178
    -------------------------------------------------
    Total:                    5'706      297    6'381

RTX_CM.a: [2]
    irq_cm4f.o                  196
    os_systick.o                126                 1
    rtx_delay.o                 100
    rtx_evr.o                    98
    rtx_kernel.o                660       16      164
    rtx_memory.o                272
    rtx_mempool.o               230
    rtx_msgqueue.o            1'564
    rtx_mutex.o                  82
    rtx_system.o                372
    rtx_thread.o              1'896
    rtx_timer.o                 212
    -------------------------------------------------
    Total:                    5'808       16      165

dl7M_tln.a: [3]
    XShttio.o                    60                 9
    exit.o                        4
    low_level_init.o              4
    printf.o                     40
    putchar.o                    32
    xprintftiny.o               308
    xprout.o                     22
    -------------------------------------------------
    Total:                      470                 9

driverlib.a: [4]
    cpu.o                        16
    gpio.o                      396      144
    interrupt.o                 236
    sysctl.o                    684      588
    uart.o                      292
    -------------------------------------------------
    Total:                    1'624      732

rt7M_tl.a: [5]
    ABImemclr.o                   6
    ABImemclr4.o                  6
    ABImemcpy.o                 166
    ABImemset.o                  94
    ABImemset48.o                50
    cexit.o                      10
    cmain.o                      30
    cstartup_M.o                 12
    data_init.o                  40
    packbits_init_single.o       56
    strlen.o                     54
    zero_init3.o                 58
    -------------------------------------------------
    Total:                      582

shb_l.a: [6]
    dwrite.o                     30
    exit.o                       20
    iarttio.o                   124
    iarwrite.o                   34
    iarwstd.o                    32
    write.o                      16
    -------------------------------------------------
    Total:                      256

    Gaps                         18        4
    Linker created                        32   32'768
-----------------------------------------------------
    Grand Total:             14'464    1'081   39'323


*******************************************************************************
*** ENTRY LIST
***

Entry                       Address    Size  Type      Object
-----                       -------    ----  ----      ------
.iar.init_table$$Base        0x3b20           --   Gb  - Linker created -
.iar.init_table$$Limit       0x3b40           --   Gb  - Linker created -
?main                        0x3bb1          Code  Gb  cmain.o [5]
CPUcpsid                     0x2c0d     0x8  Code  Gb  cpu.o [4]
CPUcpsie                     0x2c15     0x8  Code  Gb  cpu.o [4]
CSTACK$$Base            0x2000'19a0           --   Gb  - Linker created -
CSTACK$$Limit           0x2000'99a0           --   Gb  - Linker created -
EvrRtxDelay                  0x2ad5     0x2  Code  Wk  rtx_evr.o [2]
EvrRtxDelayCompleted         0x2ad3     0x2  Code  Wk  rtx_evr.o [2]
EvrRtxDelayError             0x2ad7     0x2  Code  Wk  rtx_evr.o [2]
EvrRtxDelayStarted           0x2ad1     0x2  Code  Wk  rtx_evr.o [2]
EvrRtxEventFlagsWaitTimeout
                             0x2c25     0x2  Code  Wk  rtx_evr.o [2]
EvrRtxKernelError            0x2ff9     0x2  Code  Wk  rtx_evr.o [2]
EvrRtxKernelGetState         0x3041     0x2  Code  Wk  rtx_evr.o [2]
EvrRtxKernelInitialize       0x30bd     0x2  Code  Wk  rtx_evr.o [2]
EvrRtxKernelInitialized
                             0x303f     0x2  Code  Wk  rtx_evr.o [2]
EvrRtxKernelStart            0x30bf     0x2  Code  Wk  rtx_evr.o [2]
EvrRtxKernelStarted          0x30b9     0x2  Code  Wk  rtx_evr.o [2]
EvrRtxMemoryAlloc            0x2cbb     0x2  Code  Wk  rtx_evr.o [2]
EvrRtxMemoryBlockAlloc       0x2c1f     0x2  Code  Wk  rtx_evr.o [2]
EvrRtxMemoryBlockFree        0x2c21     0x2  Code  Wk  rtx_evr.o [2]
EvrRtxMemoryBlockInit        0x2c1d     0x2  Code  Wk  rtx_evr.o [2]
EvrRtxMemoryFree             0x2cbd     0x2  Code  Wk  rtx_evr.o [2]
EvrRtxMemoryInit             0x30c1     0x2  Code  Wk  rtx_evr.o [2]
EvrRtxMemoryPoolAllocTimeout
                             0x2c2b     0x2  Code  Wk  rtx_evr.o [2]
EvrRtxMessageQueueCreated
                             0x2947     0x2  Code  Wk  rtx_evr.o [2]
EvrRtxMessageQueueError
                             0x2873     0x2  Code  Wk  rtx_evr.o [2]
EvrRtxMessageQueueGet        0x2acf     0x2  Code  Wk  rtx_evr.o [2]
EvrRtxMessageQueueGetPending
                             0x294f     0x2  Code  Wk  rtx_evr.o [2]
EvrRtxMessageQueueGetTimeout
                             0x2951     0x2  Code  Wk  rtx_evr.o [2]
EvrRtxMessageQueueInsertPending
                             0x2acd     0x2  Code  Wk  rtx_evr.o [2]
EvrRtxMessageQueueInserted
                             0x286f     0x2  Code  Wk  rtx_evr.o [2]
EvrRtxMessageQueueNew        0x2955     0x2  Code  Wk  rtx_evr.o [2]
EvrRtxMessageQueueNotInserted
                             0x294d     0x2  Code  Wk  rtx_evr.o [2]
EvrRtxMessageQueueNotRetrieved
                             0x2953     0x2  Code  Wk  rtx_evr.o [2]
EvrRtxMessageQueuePut        0x2957     0x2  Code  Wk  rtx_evr.o [2]
EvrRtxMessageQueuePutPending
                             0x2949     0x2  Code  Wk  rtx_evr.o [2]
EvrRtxMessageQueuePutTimeout
                             0x294b     0x2  Code  Wk  rtx_evr.o [2]
EvrRtxMessageQueueRetrieved
                             0x2871     0x2  Code  Wk  rtx_evr.o [2]
EvrRtxMutexAcquireTimeout
                             0x2c27     0x2  Code  Wk  rtx_evr.o [2]
EvrRtxMutexAcquired          0x2d61     0x2  Code  Wk  rtx_evr.o [2]
EvrRtxMutexReleased          0x2d5f     0x2  Code  Wk  rtx_evr.o [2]
EvrRtxSemaphoreAcquireTimeout
                             0x2c29     0x2  Code  Wk  rtx_evr.o [2]
EvrRtxThreadBlocked          0x2c33     0x2  Code  Wk  rtx_evr.o [2]
EvrRtxThreadCreated          0x2c3f     0x2  Code  Wk  rtx_evr.o [2]
EvrRtxThreadDestroyed        0x2c95     0x2  Code  Wk  rtx_evr.o [2]
EvrRtxThreadError            0x2c37     0x2  Code  Wk  rtx_evr.o [2]
EvrRtxThreadExit             0x2c99     0x2  Code  Wk  rtx_evr.o [2]
EvrRtxThreadFlagsWaitCompleted
                             0x2c35     0x2  Code  Wk  rtx_evr.o [2]
EvrRtxThreadFlagsWaitTimeout
                             0x2c23     0x2  Code  Wk  rtx_evr.o [2]
EvrRtxThreadJoined           0x2c93     0x2  Code  Wk  rtx_evr.o [2]
EvrRtxThreadNew              0x2c97     0x2  Code  Wk  rtx_evr.o [2]
EvrRtxThreadPreempted        0x2c2f     0x2  Code  Wk  rtx_evr.o [2]
EvrRtxThreadSwitched         0x2c31     0x2  Code  Wk  rtx_evr.o [2]
EvrRtxThreadUnblocked        0x2c2d     0x2  Code  Wk  rtx_evr.o [2]
EvrRtxTimerCallback          0x3741     0x2  Code  Wk  rtx_evr.o [2]
GPIODirModeSet               0x3275    0x28  Code  Gb  gpio.o [4]
GPIOPadConfigSet             0x329d   0x102  Code  Gb  gpio.o [4]
GPIOPinConfigure             0x33bf    0x36  Code  Gb  gpio.o [4]
GPIOPinTypeUART              0x33ab    0x14  Code  Gb  gpio.o [4]
IntDisable                   0x1b1d    0x46  Code  Gb  interrupt.o [4]
IntEnable                    0x1ad5    0x46  Code  Gb  interrupt.o [4]
IntMasterDisable             0x1ac5     0x6  Code  Gb  interrupt.o [4]
IntMasterEnable              0x1abd     0x8  Code  Gb  interrupt.o [4]
IsBufferEmpty                0x1021    0x12  Code  Lc  uartstdio.o [1]
IsBufferFull                 0x1005    0x1c  Code  Lc  uartstdio.o [1]
MessageQueueGet              0x13f1    0x40  Code  Lc  rtx_msgqueue.o [2]
MessageQueuePut              0x13a5    0x4a  Code  Lc  rtx_msgqueue.o [2]
MessageQueueRemove           0x1431    0x1a  Code  Lc  rtx_msgqueue.o [2]
OS_Tick_AcknowledgeIRQ       0x2d21     0xc  Code  Wk  os_systick.o [2]
OS_Tick_Enable               0x308d    0x2c  Code  Wk  os_systick.o [2]
OS_Tick_GetIRQn              0x3085     0x6  Code  Wk  os_systick.o [2]
OS_Tick_Setup                0x3045    0x40  Code  Wk  os_systick.o [2]
PendST                  0x2000'1996     0x1  Data  Lc  os_systick.o [2]
PendSV_Handler               0x37dd          Code  Gb  irq_cm4f.o [2]
Region$$Table$$Base          0x3b20           --   Gb  - Linker created -
Region$$Table$$Limit         0x3b40           --   Gb  - Linker created -
SVC_Handler                  0x3745          Code  Gb  irq_cm4f.o [2]
SysCtlClockFreqSet           0x1d37   0x1fc  Code  Gb  sysctl.o [4]
SysCtlPeripheralEnable       0x1d19     0x8  Code  Gb  sysctl.o [4]
SysCtlPeripheralPresent
                             0x1ced     0xa  Code  Gb  sysctl.o [4]
SysCtlPeripheralReady        0x1cf7     0x8  Code  Gb  sysctl.o [4]
SysTick_Handler              0x37ed          Code  Gb  irq_cm4f.o [2]
SystemCoreClock         0x2000'1998     0x4  Data  Gb  system_TM4C1294_TW.o [1]
SystemCoreClockUpdate        0x3535     0x2  Code  Gb  system_TM4C1294_TW.o [1]
SystemInit                   0x3537    0x1a  Code  Gb  system_TM4C1294_TW.o [1]
ThreadFlagsCheck             0x2061    0x6c  Code  Lc  rtx_thread.o [2]
TimerInsert                  0x366d    0x38  Code  Lc  rtx_timer.o [2]
UART0_Handler                0x344f     0x8  Code  Gb  main.o [1]
UARTCharGetNonBlocking       0x1c6f    0x14  Code  Gb  uart.o [4]
UARTCharPut                  0x1c99    0x10  Code  Gb  uart.o [4]
UARTCharPutNonBlocking       0x1c83    0x16  Code  Gb  uart.o [4]
UARTCharsAvail               0x1c57     0x8  Code  Gb  uart.o [4]
UARTConfigSetExpClk          0x1bb1    0x5c  Code  Gb  uart.o [4]
UARTDisable                  0x1c27    0x22  Code  Gb  uart.o [4]
UARTEnable                   0x1c0d    0x1a  Code  Gb  uart.o [4]
UARTFIFOLevelSet             0x1ba9     0x8  Code  Gb  uart.o [4]
UARTFlushRx                  0x1205    0x1c  Code  Gb  uartstdio.o [1]
UARTFlushTx                  0x1221    0x30  Code  Gb  uartstdio.o [1]
UARTInit                     0x3401    0x4e  Code  Gb  main.o [1]
UARTIntClear                 0x1cc7     0x6  Code  Gb  uart.o [4]
UARTIntDisable               0x1caf     0x4  Code  Gb  uart.o [4]
UARTIntEnable                0x1ca9     0x6  Code  Gb  uart.o [4]
UARTIntStatus                0x1cbb     0xc  Code  Gb  uart.o [4]
UARTPrimeTransmit            0x1033    0x6a  Code  Lc  uartstdio.o [1]
UARTSpaceAvail               0x1c5f     0x6  Code  Gb  uart.o [4]
UARTStdioConfig              0x109d    0x7e  Code  Gb  uartstdio.o [1]
UARTStdioIntHandler          0x1251   0x116  Code  Gb  uartstdio.o [1]
UARTStdioIntHandler::bLastWasCR
                        0x2000'1995     0x1  Data  Lc  uartstdio.o [1]
UARTgets                     0x11ad    0x58  Code  Gb  uartstdio.o [1]
UARTwrite                    0x111b    0x92  Code  Gb  uartstdio.o [1]
_PrintfTiny                  0x2af1   0x11c  Code  Gb  xprintftiny.o [3]
_Prout                       0x3c49    0x16  Code  Gb  xprout.o [3]
_SysCtlMemTimingGet          0x1ccd    0x20  Code  Lc  sysctl.o [4]
__Vectors                       0x0           --   Gb  startup_TM4C1294.o [1]
__Vectors_End                 0x3c0          Data  Gb  startup_TM4C1294.o [1]
__Vectors_Size {Abs}          0x3c0           --   Gb  startup_TM4C1294.o [1]
__aeabi_memclr               0x2941          Code  Gb  ABImemclr.o [5]
__aeabi_memclr4              0x2c39          Code  Gb  ABImemclr4.o [5]
__aeabi_memcpy               0x27c9          Code  Gb  ABImemcpy.o [5]
__aeabi_memcpy4              0x27e9          Code  Gb  ABImemcpy.o [5]
__aeabi_memcpy8              0x27e9          Code  Gb  ABImemcpy.o [5]
__cmain                      0x3bb1          Code  Gb  cmain.o [5]
__dwrite                     0x3b71    0x1e  Code  Gb  dwrite.o [6]
__exit                       0x3be5    0x14  Code  Gb  exit.o [6]
__iar_Memset4_word           0x2d2d          Code  Gb  ABImemset48.o [5]
__iar_Memset8_word           0x2d2d          Code  Gb  ABImemset48.o [5]
__iar_Memset_word            0x2cc1          Code  Gb  ABImemset.o [5]
__iar_close_ttio             0x3899    0x2c  Code  Gb  iarttio.o [6]
__iar_data_init3             0x3a8d    0x28  Code  Gb  data_init.o [5]
__iar_get_ttio               0x38c5    0x4c  Code  Gb  iarttio.o [6]
__iar_init_vfp               0x3c69          Code  Wk  startup_TM4C1294.o [1]
__iar_lookup_ttioh           0x3943     0x4  Code  Gb  XShttio.o [3]
__iar_packbits_init_single3
                             0x3a25    0x38  Code  Gb  packbits_init_single.o [5]
__iar_program_start          0x3c99          Code  Gb  cstartup_M.o [5]
__iar_sh_stdout              0x3b8f    0x20  Code  Gb  iarwstd.o [6]
__iar_sh_write               0x3afd    0x22  Code  Gb  iarwrite.o [6]
__iar_ttio_guard_lock        0x3915    0x1e  Code  Gb  XShttio.o [3]
__iar_ttio_guard_unlock
                             0x3933    0x10  Code  Gb  XShttio.o [3]
__iar_ttio_handles      0x2000'0000     0x8  Data  Lc  XShttio.o [3]
__iar_zero_init3             0x1a83    0x3a  Code  Gb  zero_init3.o [5]
__low_level_init             0x3bcf     0x4  Code  Gb  low_level_init.o [3]
__vector_table                  0x0          Data  Gb  startup_TM4C1294.o [1]
__vector_table_0x1c            0x1c          Data  Gb  startup_TM4C1294.o [1]
__write                      0x3b61    0x10  Code  Gb  write.o [6]
_call_main                   0x3bbd          Code  Gb  cmain.o [5]
_exit                        0x3bd9          Code  Gb  cexit.o [5]
_main                        0x3bcb          Code  Gb  cmain.o [5]
andarAtualC             0x2000'195c     0x4  Data  Gb  comandos.o [1]
andarAtualD             0x2000'1960     0x4  Data  Gb  comandos.o [1]
andarAtualE             0x2000'1958     0x4  Data  Gb  comandos.o [1]
app_main                     0x3457    0x96  Code  Gb  main.o [1]
botoesCb                0x2000'1974     0x4  Data  Gb  comandos.o [1]
botoesCc                0x2000'1968     0x4  Data  Gb  comandos.o [1]
botoesDb                0x2000'1978     0x4  Data  Gb  comandos.o [1]
botoesDc                0x2000'196c     0x4  Data  Gb  comandos.o [1]
botoesEb                0x2000'1970     0x4  Data  Gb  comandos.o [1]
botoesEc                0x2000'1964     0x4  Data  Gb  comandos.o [1]
decode                        0x401   0x238  Code  Gb  comandos.o [1]
exit                         0x3bd3     0x4  Code  Gb  exit.o [3]
g_bDisableEcho          0x2000'1994     0x1  Data  Lc  uartstdio.o [1]
g_pcUARTRxBuffer        0x2000'16b0    0x80  Data  Lc  uartstdio.o [1]
g_pcUARTTxBuffer        0x2000'10b0   0x400  Data  Lc  uartstdio.o [1]
g_pppui32XTALtoVCO           0x30c4   0x1b0  Data  Lc  sysctl.o [4]
g_pui32Dii16Regs             0x1b94    0x14  Data  Lc  interrupt.o [4]
g_pui32EnRegs                0x1b80    0x14  Data  Lc  interrupt.o [4]
g_pui32GPIOBaseAddrs         0x3808    0x90  Data  Lc  gpio.o [4]
g_pui32VCOFrequencies        0x1f70     0x8  Data  Lc  sysctl.o [4]
g_pui32Xtals                 0x3950    0x6c  Data  Lc  sysctl.o [4]
g_sXTALtoMEMTIM              0x3a5c    0x30  Data  Lc  sysctl.o [4]
g_ui32Base              0x2000'198c     0x4  Data  Lc  uartstdio.o [1]
g_ui32PortNum           0x2000'1990     0x4  Data  Lc  uartstdio.o [1]
g_ui32UARTBase               0x3c74     0xc  Data  Lc  uartstdio.o [1]
g_ui32UARTInt                0x3c80     0xc  Data  Lc  uartstdio.o [1]
g_ui32UARTPeriph             0x3c8c     0xc  Data  Lc  uartstdio.o [1]
g_ui32UARTRxReadIndex   0x2000'1988     0x4  Data  Lc  uartstdio.o [1]
g_ui32UARTRxWriteIndex  0x2000'1984     0x4  Data  Lc  uartstdio.o [1]
g_ui32UARTTxReadIndex   0x2000'1980     0x4  Data  Lc  uartstdio.o [1]
g_ui32UARTTxWriteIndex  0x2000'197c     0x4  Data  Lc  uartstdio.o [1]
getAndar                      0xf25    0xa4  Code  Gb  comandos.o [1]
initAndares                   0x3d7    0x2a  Code  Gb  comandos.o [1]
main                         0x34ed    0x22  Code  Gb  main.o [1]
messageQueueElevadores  0x2000'193c     0xc  Data  Gb  comandos.o [1]
moveElevador                  0x639   0x6a6  Code  Gb  comandos.o [1]
nAndarC                 0x2000'1848    0x40  Data  Gb  comandos.o [1]
nAndarD                 0x2000'1888    0x40  Data  Gb  comandos.o [1]
nAndarE                 0x2000'1808    0x40  Data  Gb  comandos.o [1]
osDelay                      0x19e5    0x38  Code  Gb  rtx_delay.o [2]
osKernelGetState             0x2f5d    0x40  Code  Gb  rtx_kernel.o [2]
osKernelInitialize           0x2f25    0x38  Code  Gb  rtx_kernel.o [2]
osKernelStart                0x2f9d    0x34  Code  Gb  rtx_kernel.o [2]
osMessageQueueGet            0x191d    0x90  Code  Gb  rtx_msgqueue.o [2]
osMessageQueueNew            0x1845    0x3e  Code  Gb  rtx_msgqueue.o [2]
osMessageQueuePut            0x1885    0x98  Code  Gb  rtx_msgqueue.o [2]
osRtxConfig                  0x39bc    0x68  Data  Gb  rtx_lib.o [1]
osRtxErrorNotify             0x2c9b    0x20  Code  Wk  RTX_Config.o [1]
osRtxIdleThread              0x205f     0x2  Code  Wk  RTX_Config.o [1]
osRtxInfo               0x2000'0008    0xa4  Data  Gb  rtx_kernel.o [2]
osRtxKernelPreInit           0x30bb     0x2  Code  Gb  rtx_lib.o [1]
osRtxMemoryAlloc             0x2875    0x82  Code  Wk  rtx_memory.o [2]
osRtxMemoryFree              0x28f7    0x4a  Code  Wk  rtx_memory.o [2]
osRtxMemoryInit              0x2ffb    0x44  Code  Wk  rtx_memory.o [2]
osRtxMemoryPoolAlloc         0x1fc5    0x44  Code  Gb  rtx_mempool.o [2]
osRtxMemoryPoolFree          0x2009    0x56  Code  Gb  rtx_mempool.o [2]
osRtxMemoryPoolInit          0x1f79    0x4a  Code  Gb  rtx_mempool.o [2]
osRtxMessageQueuePostProcess
                             0x144b    0xe6  Code  Lc  rtx_msgqueue.o [2]
osRtxMutexOwnerRelease       0x2c41    0x52  Code  Gb  rtx_mutex.o [2]
osRtxPendSV_Handler          0x29c9    0x8a  Code  Gb  rtx_system.o [2]
osRtxPostProcess             0x2a55    0x6e  Code  Gb  rtx_system.o [2]
osRtxThreadBlock             0x22c9    0x34  Code  Lc  rtx_thread.o [2]
osRtxThreadDelayInsert       0x2121    0x62  Code  Lc  rtx_thread.o [2]
osRtxThreadDelayRemove       0x2183    0x44  Code  Lc  rtx_thread.o [2]
osRtxThreadDelayTick         0x21c7    0xee  Code  Gb  rtx_thread.o [2]
osRtxThreadDispatch          0x2319    0x54  Code  Gb  rtx_thread.o [2]
osRtxThreadFree              0x2607    0x56  Code  Lc  rtx_thread.o [2]
osRtxThreadListGet           0x20ef    0x14  Code  Gb  rtx_thread.o [2]
osRtxThreadListPut           0x20cd    0x22  Code  Gb  rtx_thread.o [2]
osRtxThreadListRemove        0x2103    0x16  Code  Gb  rtx_thread.o [2]
osRtxThreadPostProcess       0x23e1    0x54  Code  Lc  rtx_thread.o [2]
osRtxThreadReadyPut          0x2119     0x8  Code  Gb  rtx_thread.o [2]
osRtxThreadRegPtr            0x22b5    0x14  Code  Gb  rtx_thread.o [2]
osRtxThreadStartup           0x26f1    0x30  Code  Gb  rtx_thread.o [2]
osRtxThreadSwitch            0x22fd    0x1c  Code  Gb  rtx_thread.o [2]
osRtxThreadWaitEnter         0x23a7    0x3a  Code  Gb  rtx_thread.o [2]
osRtxThreadWaitExit          0x2373    0x2e  Code  Gb  rtx_thread.o [2]
osRtxTick_Handler            0x2959    0x6e  Code  Gb  rtx_system.o [2]
osRtxTimerThread             0x36fd    0x44  Code  Wk  rtx_timer.o [2]
osRtxTimerTick               0x36a5    0x54  Code  Lc  rtx_timer.o [2]
osRtxUserSVC                 0x3ca4     0x4  Data  Wk  rtx_lib.o [1]
osThreadExit                 0x276d    0x16  Code  Gb  rtx_thread.o [2]
osThreadNew                  0x2725    0x40  Code  Gb  rtx_thread.o [2]
os_idle_thread_attr          0x3ab4    0x24  Data  Lc  rtx_lib.o [1]
os_idle_thread_cb       0x2000'1780    0x44  Data  Lc  rtx_lib.o [1]
os_idle_thread_stack    0x2000'14b0   0x100  Data  Lc  rtx_lib.o [1]
os_isr_queue            0x2000'18c8    0x40  Data  Lc  rtx_lib.o [1]
os_mem                  0x2000'00b0  0x1000  Data  Lc  rtx_lib.o [1]
os_timer_mq_attr             0x3c30    0x18  Data  Lc  rtx_lib.o [1]
os_timer_mq_cb          0x2000'1908    0x34  Data  Lc  rtx_lib.o [1]
os_timer_mq_data        0x2000'1730    0x50  Data  Lc  rtx_lib.o [1]
os_timer_thread_attr         0x3ad8    0x24  Data  Lc  rtx_lib.o [1]
os_timer_thread_cb      0x2000'17c4    0x44  Data  Lc  rtx_lib.o [1]
os_timer_thread_stack   0x2000'15b0   0x100  Data  Lc  rtx_lib.o [1]
out                          0x2ad9    0x18  Code  Lc  xprintftiny.o [3]
printf                       0x1a25    0x28  Code  Gb  printf.o [3]
putchar                      0x3b41    0x20  Code  Gb  putchar.o [3]
sendString                   0x3639    0x34  Code  Gb  string_utils.o [1]
sentidoC                0x2000'00ad     0x1  Data  Gb  comandos.o [1]
sentidoD                0x2000'00ae     0x1  Data  Gb  comandos.o [1]
sentidoE                0x2000'00ac     0x1  Data  Gb  comandos.o [1]
setAndar                      0xcdf   0x146  Code  Gb  comandos.o [1]
strlen                       0x1a4d          Code  Gb  strlen.o [5]
svcRtxDelay                  0x19c1    0x24  Code  Lc  rtx_delay.o [2]
svcRtxKernelGetState         0x2e7b    0x12  Code  Lc  rtx_kernel.o [2]
svcRtxKernelInitialize       0x2d65   0x116  Code  Lc  rtx_kernel.o [2]
svcRtxKernelStart            0x2e8d    0x96  Code  Lc  rtx_kernel.o [2]
svcRtxMessageQueueGet        0x1735    0xe8  Code  Lc  rtx_msgqueue.o [2]
svcRtxMessageQueueNew        0x1531   0x130  Code  Lc  rtx_msgqueue.o [2]
svcRtxMessageQueuePut        0x1661    0xd4  Code  Lc  rtx_msgqueue.o [2]
svcRtxThreadExit             0x265d    0x8e  Code  Lc  rtx_thread.o [2]
svcRtxThreadNew              0x2435   0x1cc  Code  Lc  rtx_thread.o [2]
threadComandos                0x3c1    0x16  Code  Gb  comandos.o [1]
threadComandosId        0x2000'1954     0x4  Data  Gb  comandos.o [1]
threadElevador               0x3561    0xd8  Code  Gb  elevador.o [1]
threadElevadorIds       0x2000'1948     0xc  Data  Gb  elevador.o [1]
ttio_guard              0x2000'1997     0x1  Data  Lc  XShttio.o [3]
verifyAndar                   0xe25    0xf2  Code  Gb  comandos.o [1]


[1] = D:\Usuario\Documents\GitHub\S11_G01_2019.2 (Giovanni)\Projects\s11_g01_lab3\ewarm\Obj
[2] = RTX_CM.a
[3] = dl7M_tln.a
[4] = driverlib.a
[5] = rt7M_tl.a
[6] = shb_l.a

  14'464 bytes of readonly  code memory
   1'081 bytes of readonly  data memory
  39'323 bytes of readwrite data memory

Errors: none
Warnings: none
